------------------------------------------------------------
Timing Analyzer Summary
------------------------------------------------------------

Type  : Slow 1100mV 85C Model Setup 'CLOCK_50'
Slack : -9.655
TNS   : -1704.792

Type  : Slow 1100mV 85C Model Hold 'CLOCK_50'
Slack : 0.450
TNS   : 0.000

Type  : Slow 1100mV 85C Model Recovery 'divisorGenerico_e_Interface_Paulo:interfaceBaseTempoNormal|divisorGenerico:baseTempo|tick'
Slack : -6.544
TNS   : -6.544

Type  : Slow 1100mV 85C Model Recovery 'divisorGenerico_e_Interface_Paulo:interfaceBaseTempoRapida|divisorGenerico:baseTempo|tick'
Slack : -6.259
TNS   : -6.259

Type  : Slow 1100mV 85C Model Removal 'divisorGenerico_e_Interface_Paulo:interfaceBaseTempoRapida|divisorGenerico:baseTempo|tick'
Slack : 3.135
TNS   : 0.000

Type  : Slow 1100mV 85C Model Removal 'divisorGenerico_e_Interface_Paulo:interfaceBaseTempoNormal|divisorGenerico:baseTempo|tick'
Slack : 3.629
TNS   : 0.000

Type  : Slow 1100mV 85C Model Minimum Pulse Width 'CLOCK_50'
Slack : -0.538
TNS   : -196.202

Type  : Slow 1100mV 85C Model Minimum Pulse Width 'divisorGenerico_e_Interface_Paulo:interfaceBaseTempoRapida|divisorGenerico:baseTempo|tick'
Slack : -0.538
TNS   : -0.837

Type  : Slow 1100mV 85C Model Minimum Pulse Width 'divisorGenerico_e_Interface_Paulo:interfaceBaseTempoNormal|divisorGenerico:baseTempo|tick'
Slack : -0.538
TNS   : -0.811

Type  : Slow 1100mV 0C Model Setup 'CLOCK_50'
Slack : -9.571
TNS   : -1698.941

Type  : Slow 1100mV 0C Model Hold 'CLOCK_50'
Slack : 0.168
TNS   : 0.000

Type  : Slow 1100mV 0C Model Recovery 'divisorGenerico_e_Interface_Paulo:interfaceBaseTempoNormal|divisorGenerico:baseTempo|tick'
Slack : -6.689
TNS   : -6.689

Type  : Slow 1100mV 0C Model Recovery 'divisorGenerico_e_Interface_Paulo:interfaceBaseTempoRapida|divisorGenerico:baseTempo|tick'
Slack : -6.437
TNS   : -6.437

Type  : Slow 1100mV 0C Model Removal 'divisorGenerico_e_Interface_Paulo:interfaceBaseTempoRapida|divisorGenerico:baseTempo|tick'
Slack : 3.323
TNS   : 0.000

Type  : Slow 1100mV 0C Model Removal 'divisorGenerico_e_Interface_Paulo:interfaceBaseTempoNormal|divisorGenerico:baseTempo|tick'
Slack : 3.764
TNS   : 0.000

Type  : Slow 1100mV 0C Model Minimum Pulse Width 'CLOCK_50'
Slack : -0.538
TNS   : -199.501

Type  : Slow 1100mV 0C Model Minimum Pulse Width 'divisorGenerico_e_Interface_Paulo:interfaceBaseTempoRapida|divisorGenerico:baseTempo|tick'
Slack : -0.538
TNS   : -0.822

Type  : Slow 1100mV 0C Model Minimum Pulse Width 'divisorGenerico_e_Interface_Paulo:interfaceBaseTempoNormal|divisorGenerico:baseTempo|tick'
Slack : -0.538
TNS   : -0.807

Type  : Fast 1100mV 85C Model Setup 'CLOCK_50'
Slack : -4.658
TNS   : -777.452

Type  : Fast 1100mV 85C Model Hold 'CLOCK_50'
Slack : -0.201
TNS   : -2.352

Type  : Fast 1100mV 85C Model Recovery 'divisorGenerico_e_Interface_Paulo:interfaceBaseTempoNormal|divisorGenerico:baseTempo|tick'
Slack : -3.038
TNS   : -3.038

Type  : Fast 1100mV 85C Model Recovery 'divisorGenerico_e_Interface_Paulo:interfaceBaseTempoRapida|divisorGenerico:baseTempo|tick'
Slack : -2.901
TNS   : -2.901

Type  : Fast 1100mV 85C Model Removal 'divisorGenerico_e_Interface_Paulo:interfaceBaseTempoRapida|divisorGenerico:baseTempo|tick'
Slack : 1.473
TNS   : 0.000

Type  : Fast 1100mV 85C Model Removal 'divisorGenerico_e_Interface_Paulo:interfaceBaseTempoNormal|divisorGenerico:baseTempo|tick'
Slack : 1.744
TNS   : 0.000

Type  : Fast 1100mV 85C Model Minimum Pulse Width 'CLOCK_50'
Slack : -0.422
TNS   : -23.835

Type  : Fast 1100mV 85C Model Minimum Pulse Width 'divisorGenerico_e_Interface_Paulo:interfaceBaseTempoRapida|divisorGenerico:baseTempo|tick'
Slack : 0.034
TNS   : 0.000

Type  : Fast 1100mV 85C Model Minimum Pulse Width 'divisorGenerico_e_Interface_Paulo:interfaceBaseTempoNormal|divisorGenerico:baseTempo|tick'
Slack : 0.071
TNS   : 0.000

Type  : Fast 1100mV 0C Model Setup 'CLOCK_50'
Slack : -4.126
TNS   : -687.504

Type  : Fast 1100mV 0C Model Hold 'CLOCK_50'
Slack : -0.367
TNS   : -5.006

Type  : Fast 1100mV 0C Model Recovery 'divisorGenerico_e_Interface_Paulo:interfaceBaseTempoNormal|divisorGenerico:baseTempo|tick'
Slack : -2.849
TNS   : -2.849

Type  : Fast 1100mV 0C Model Recovery 'divisorGenerico_e_Interface_Paulo:interfaceBaseTempoRapida|divisorGenerico:baseTempo|tick'
Slack : -2.723
TNS   : -2.723

Type  : Fast 1100mV 0C Model Removal 'divisorGenerico_e_Interface_Paulo:interfaceBaseTempoRapida|divisorGenerico:baseTempo|tick'
Slack : 1.462
TNS   : 0.000

Type  : Fast 1100mV 0C Model Removal 'divisorGenerico_e_Interface_Paulo:interfaceBaseTempoNormal|divisorGenerico:baseTempo|tick'
Slack : 1.692
TNS   : 0.000

Type  : Fast 1100mV 0C Model Minimum Pulse Width 'CLOCK_50'
Slack : -0.408
TNS   : -24.267

Type  : Fast 1100mV 0C Model Minimum Pulse Width 'divisorGenerico_e_Interface_Paulo:interfaceBaseTempoRapida|divisorGenerico:baseTempo|tick'
Slack : 0.049
TNS   : 0.000

Type  : Fast 1100mV 0C Model Minimum Pulse Width 'divisorGenerico_e_Interface_Paulo:interfaceBaseTempoNormal|divisorGenerico:baseTempo|tick'
Slack : 0.091
TNS   : 0.000

------------------------------------------------------------
