------------------------------------------------------------
Timing Analyzer Summary
------------------------------------------------------------

Type  : Slow 1100mV 85C Model Setup 'CLOCK_50'
Slack : -7.786
TNS   : -1479.720

Type  : Slow 1100mV 85C Model Hold 'CLOCK_50'
Slack : 0.441
TNS   : 0.000

Type  : Slow 1100mV 85C Model Recovery 'CLOCK_50'
Slack : -4.377
TNS   : -13.089

Type  : Slow 1100mV 85C Model Recovery 'SW[0]'
Slack : -2.901
TNS   : -2.901

Type  : Slow 1100mV 85C Model Removal 'SW[0]'
Slack : 0.562
TNS   : 0.000

Type  : Slow 1100mV 85C Model Removal 'CLOCK_50'
Slack : 1.497
TNS   : 0.000

Type  : Slow 1100mV 85C Model Minimum Pulse Width 'SW[0]'
Slack : -0.599
TNS   : -1.137

Type  : Slow 1100mV 85C Model Minimum Pulse Width 'CLOCK_50'
Slack : -0.538
TNS   : -199.833

Type  : Slow 1100mV 0C Model Setup 'CLOCK_50'
Slack : -7.770
TNS   : -1501.536

Type  : Slow 1100mV 0C Model Hold 'CLOCK_50'
Slack : 0.447
TNS   : 0.000

Type  : Slow 1100mV 0C Model Recovery 'CLOCK_50'
Slack : -4.411
TNS   : -13.147

Type  : Slow 1100mV 0C Model Recovery 'SW[0]'
Slack : -3.240
TNS   : -3.240

Type  : Slow 1100mV 0C Model Removal 'SW[0]'
Slack : 0.629
TNS   : 0.000

Type  : Slow 1100mV 0C Model Removal 'CLOCK_50'
Slack : 1.458
TNS   : 0.000

Type  : Slow 1100mV 0C Model Minimum Pulse Width 'SW[0]'
Slack : -0.661
TNS   : -1.199

Type  : Slow 1100mV 0C Model Minimum Pulse Width 'CLOCK_50'
Slack : -0.538
TNS   : -202.749

Type  : Fast 1100mV 85C Model Setup 'CLOCK_50'
Slack : -3.698
TNS   : -632.681

Type  : Fast 1100mV 85C Model Hold 'CLOCK_50'
Slack : 0.201
TNS   : 0.000

Type  : Fast 1100mV 85C Model Recovery 'CLOCK_50'
Slack : -1.682
TNS   : -4.929

Type  : Fast 1100mV 85C Model Recovery 'SW[0]'
Slack : -1.380
TNS   : -1.380

Type  : Fast 1100mV 85C Model Removal 'SW[0]'
Slack : 0.297
TNS   : 0.000

Type  : Fast 1100mV 85C Model Removal 'CLOCK_50'
Slack : 0.682
TNS   : 0.000

Type  : Fast 1100mV 85C Model Minimum Pulse Width 'SW[0]'
Slack : -0.613
TNS   : -1.053

Type  : Fast 1100mV 85C Model Minimum Pulse Width 'CLOCK_50'
Slack : -0.100
TNS   : -24.566

Type  : Fast 1100mV 0C Model Setup 'CLOCK_50'
Slack : -3.218
TNS   : -551.473

Type  : Fast 1100mV 0C Model Hold 'CLOCK_50'
Slack : 0.186
TNS   : 0.000

Type  : Fast 1100mV 0C Model Recovery 'CLOCK_50'
Slack : -1.416
TNS   : -4.168

Type  : Fast 1100mV 0C Model Recovery 'SW[0]'
Slack : -1.258
TNS   : -1.258

Type  : Fast 1100mV 0C Model Removal 'SW[0]'
Slack : 0.367
TNS   : 0.000

Type  : Fast 1100mV 0C Model Removal 'CLOCK_50'
Slack : 0.624
TNS   : 0.000

Type  : Fast 1100mV 0C Model Minimum Pulse Width 'SW[0]'
Slack : -0.595
TNS   : -1.021

Type  : Fast 1100mV 0C Model Minimum Pulse Width 'CLOCK_50'
Slack : -0.099
TNS   : -24.529

------------------------------------------------------------
